Copyright 1986-2022 Xilinx, Inc. All Rights Reserved. Copyright 2022-2024 Advanced Micro Devices, Inc. All Rights Reserved.
------------------------------------------------------------------------------------------------------------------------------------------------------
| Tool Version : Vivado v.2024.1 (win64) Build 5076996 Wed May 22 18:37:14 MDT 2024
| Date         : Thu Jun 18 14:53:35 2026
| Host         : eirik-hobby running 64-bit major release  (build 9200)
| Command      : report_drc -file audio_system_wrapper_drc_routed.rpt -pb audio_system_wrapper_drc_routed.pb -rpx audio_system_wrapper_drc_routed.rpx
| Design       : audio_system_wrapper
| Device       : xc7z020clg484-1
| Speed File   : -1
| Design State : Fully Routed
------------------------------------------------------------------------------------------------------------------------------------------------------

Report DRC

Table of Contents
-----------------
1. REPORT SUMMARY
2. REPORT DETAILS

1. REPORT SUMMARY
-----------------
            Netlist: netlist
          Floorplan: design_1
      Design limits: <entire design considered>
           Ruledeck: default
             Max violations: <unlimited>
             Violations found: 46
+--------+----------+------------------------+------------+
| Rule   | Severity | Description            | Violations |
+--------+----------+------------------------+------------+
| DPIP-1 | Warning  | Input pipelining       | 16         |
| DPOP-1 | Warning  | PREG Output pipelining | 14         |
| DPOP-2 | Warning  | MREG Output pipelining | 16         |
+--------+----------+------------------------+------------+

2. REPORT DETAILS
-----------------
DPIP-1#1 Warning
Input pipelining  
DSP audio_system_i/u_dsp/U0/u_top/gen_dsp.gen_full.u_ss1/u_ctrl/ARG input audio_system_i/u_dsp/U0/u_top/gen_dsp.gen_full.u_ss1/u_ctrl/ARG/A[29:0] is not pipelined. Pipelining DSP48 input will improve performance.
Related violations: <none>

DPIP-1#2 Warning
Input pipelining  
DSP audio_system_i/u_dsp/U0/u_top/gen_dsp.gen_full.u_ss1/u_ctrl/ARG__0 input audio_system_i/u_dsp/U0/u_top/gen_dsp.gen_full.u_ss1/u_ctrl/ARG__0/A[29:0] is not pipelined. Pipelining DSP48 input will improve performance.
Related violations: <none>

DPIP-1#3 Warning
Input pipelining  
DSP audio_system_i/u_dsp/U0/u_top/gen_dsp.gen_full.u_ss2/u_ctrl/ARG input audio_system_i/u_dsp/U0/u_top/gen_dsp.gen_full.u_ss2/u_ctrl/ARG/A[29:0] is not pipelined. Pipelining DSP48 input will improve performance.
Related violations: <none>

DPIP-1#4 Warning
Input pipelining  
DSP audio_system_i/u_dsp/U0/u_top/gen_dsp.gen_full.u_ss2/u_ctrl/ARG__0 input audio_system_i/u_dsp/U0/u_top/gen_dsp.gen_full.u_ss2/u_ctrl/ARG__0/A[29:0] is not pipelined. Pipelining DSP48 input will improve performance.
Related violations: <none>

DPIP-1#5 Warning
Input pipelining  
DSP audio_system_i/u_dsp/U0/u_top/gen_dsp.gen_full.u_ss3/u_ctrl/ARG input audio_system_i/u_dsp/U0/u_top/gen_dsp.gen_full.u_ss3/u_ctrl/ARG/A[29:0] is not pipelined. Pipelining DSP48 input will improve performance.
Related violations: <none>

DPIP-1#6 Warning
Input pipelining  
DSP audio_system_i/u_dsp/U0/u_top/gen_dsp.gen_full.u_ss3/u_ctrl/ARG__0 input audio_system_i/u_dsp/U0/u_top/gen_dsp.gen_full.u_ss3/u_ctrl/ARG__0/A[29:0] is not pipelined. Pipelining DSP48 input will improve performance.
Related violations: <none>

DPIP-1#7 Warning
Input pipelining  
DSP audio_system_i/u_dsp/U0/u_top/gen_dsp.gen_full.u_ss4/u_ctrl/ARG input audio_system_i/u_dsp/U0/u_top/gen_dsp.gen_full.u_ss4/u_ctrl/ARG/A[29:0] is not pipelined. Pipelining DSP48 input will improve performance.
Related violations: <none>

DPIP-1#8 Warning
Input pipelining  
DSP audio_system_i/u_dsp/U0/u_top/gen_dsp.gen_full.u_ss4/u_ctrl/ARG__0 input audio_system_i/u_dsp/U0/u_top/gen_dsp.gen_full.u_ss4/u_ctrl/ARG__0/A[29:0] is not pipelined. Pipelining DSP48 input will improve performance.
Related violations: <none>

DPIP-1#9 Warning
Input pipelining  
DSP audio_system_i/u_dsp/U0/u_top/gen_dsp.u_send_xover/p_1_out input audio_system_i/u_dsp/U0/u_top/gen_dsp.u_send_xover/p_1_out/A[29:0] is not pipelined. Pipelining DSP48 input will improve performance.
Related violations: <none>

DPIP-1#10 Warning
Input pipelining  
DSP audio_system_i/u_dsp/U0/u_top/gen_dsp.u_send_xover/p_1_out input audio_system_i/u_dsp/U0/u_top/gen_dsp.u_send_xover/p_1_out/B[17:0] is not pipelined. Pipelining DSP48 input will improve performance.
Related violations: <none>

DPIP-1#11 Warning
Input pipelining  
DSP audio_system_i/u_dsp/U0/u_top/gen_dsp.u_send_xover/prod_p_reg input audio_system_i/u_dsp/U0/u_top/gen_dsp.u_send_xover/prod_p_reg/A[29:0] is not pipelined. Pipelining DSP48 input will improve performance.
Related violations: <none>

DPIP-1#12 Warning
Input pipelining  
DSP audio_system_i/u_dsp/U0/u_top/gen_dsp.u_send_xover/prod_p_reg input audio_system_i/u_dsp/U0/u_top/gen_dsp.u_send_xover/prod_p_reg/B[17:0] is not pipelined. Pipelining DSP48 input will improve performance.
Related violations: <none>

DPIP-1#13 Warning
Input pipelining  
DSP audio_system_i/u_dsp/U0/u_top/gen_dsp.u_xover/p_1_out input audio_system_i/u_dsp/U0/u_top/gen_dsp.u_xover/p_1_out/A[29:0] is not pipelined. Pipelining DSP48 input will improve performance.
Related violations: <none>

DPIP-1#14 Warning
Input pipelining  
DSP audio_system_i/u_dsp/U0/u_top/gen_dsp.u_xover/p_1_out input audio_system_i/u_dsp/U0/u_top/gen_dsp.u_xover/p_1_out/B[17:0] is not pipelined. Pipelining DSP48 input will improve performance.
Related violations: <none>

DPIP-1#15 Warning
Input pipelining  
DSP audio_system_i/u_dsp/U0/u_top/gen_dsp.u_xover/prod_p_reg input audio_system_i/u_dsp/U0/u_top/gen_dsp.u_xover/prod_p_reg/A[29:0] is not pipelined. Pipelining DSP48 input will improve performance.
Related violations: <none>

DPIP-1#16 Warning
Input pipelining  
DSP audio_system_i/u_dsp/U0/u_top/gen_dsp.u_xover/prod_p_reg input audio_system_i/u_dsp/U0/u_top/gen_dsp.u_xover/prod_p_reg/B[17:0] is not pipelined. Pipelining DSP48 input will improve performance.
Related violations: <none>

DPOP-1#1 Warning
PREG Output pipelining  
DSP audio_system_i/u_dsp/U0/u_top/gen_dsp.gen_full.u_ss1/u_ctrl/ARG__2 output audio_system_i/u_dsp/U0/u_top/gen_dsp.gen_full.u_ss1/u_ctrl/ARG__2/P[47:0] is not pipelined (PREG=0). Pipelining the DSP48 output will improve performance and often saves power so it is suggested whenever possible to fully pipeline this function.  If this DSP48 function was inferred, it is suggested to describe an additional register stage after this function.  If the DSP48 was instantiated in the design, it is suggested to set the PREG attribute to 1.
Related violations: <none>

DPOP-1#2 Warning
PREG Output pipelining  
DSP audio_system_i/u_dsp/U0/u_top/gen_dsp.gen_full.u_ss1/u_ctrl/ARG__4 output audio_system_i/u_dsp/U0/u_top/gen_dsp.gen_full.u_ss1/u_ctrl/ARG__4/P[47:0] is not pipelined (PREG=0). Pipelining the DSP48 output will improve performance and often saves power so it is suggested whenever possible to fully pipeline this function.  If this DSP48 function was inferred, it is suggested to describe an additional register stage after this function.  If the DSP48 was instantiated in the design, it is suggested to set the PREG attribute to 1.
Related violations: <none>

DPOP-1#3 Warning
PREG Output pipelining  
DSP audio_system_i/u_dsp/U0/u_top/gen_dsp.gen_full.u_ss1/u_ctrl/acc0 output audio_system_i/u_dsp/U0/u_top/gen_dsp.gen_full.u_ss1/u_ctrl/acc0/P[47:0] is not pipelined (PREG=0). Pipelining the DSP48 output will improve performance and often saves power so it is suggested whenever possible to fully pipeline this function.  If this DSP48 function was inferred, it is suggested to describe an additional register stage after this function.  If the DSP48 was instantiated in the design, it is suggested to set the PREG attribute to 1.
Related violations: <none>

DPOP-1#4 Warning
PREG Output pipelining  
DSP audio_system_i/u_dsp/U0/u_top/gen_dsp.gen_full.u_ss2/u_ctrl/ARG__2 output audio_system_i/u_dsp/U0/u_top/gen_dsp.gen_full.u_ss2/u_ctrl/ARG__2/P[47:0] is not pipelined (PREG=0). Pipelining the DSP48 output will improve performance and often saves power so it is suggested whenever possible to fully pipeline this function.  If this DSP48 function was inferred, it is suggested to describe an additional register stage after this function.  If the DSP48 was instantiated in the design, it is suggested to set the PREG attribute to 1.
Related violations: <none>

DPOP-1#5 Warning
PREG Output pipelining  
DSP audio_system_i/u_dsp/U0/u_top/gen_dsp.gen_full.u_ss2/u_ctrl/ARG__4 output audio_system_i/u_dsp/U0/u_top/gen_dsp.gen_full.u_ss2/u_ctrl/ARG__4/P[47:0] is not pipelined (PREG=0). Pipelining the DSP48 output will improve performance and often saves power so it is suggested whenever possible to fully pipeline this function.  If this DSP48 function was inferred, it is suggested to describe an additional register stage after this function.  If the DSP48 was instantiated in the design, it is suggested to set the PREG attribute to 1.
Related violations: <none>

DPOP-1#6 Warning
PREG Output pipelining  
DSP audio_system_i/u_dsp/U0/u_top/gen_dsp.gen_full.u_ss2/u_ctrl/acc0 output audio_system_i/u_dsp/U0/u_top/gen_dsp.gen_full.u_ss2/u_ctrl/acc0/P[47:0] is not pipelined (PREG=0). Pipelining the DSP48 output will improve performance and often saves power so it is suggested whenever possible to fully pipeline this function.  If this DSP48 function was inferred, it is suggested to describe an additional register stage after this function.  If the DSP48 was instantiated in the design, it is suggested to set the PREG attribute to 1.
Related violations: <none>

DPOP-1#7 Warning
PREG Output pipelining  
DSP audio_system_i/u_dsp/U0/u_top/gen_dsp.gen_full.u_ss3/u_ctrl/ARG__2 output audio_system_i/u_dsp/U0/u_top/gen_dsp.gen_full.u_ss3/u_ctrl/ARG__2/P[47:0] is not pipelined (PREG=0). Pipelining the DSP48 output will improve performance and often saves power so it is suggested whenever possible to fully pipeline this function.  If this DSP48 function was inferred, it is suggested to describe an additional register stage after this function.  If the DSP48 was instantiated in the design, it is suggested to set the PREG attribute to 1.
Related violations: <none>

DPOP-1#8 Warning
PREG Output pipelining  
DSP audio_system_i/u_dsp/U0/u_top/gen_dsp.gen_full.u_ss3/u_ctrl/ARG__4 output audio_system_i/u_dsp/U0/u_top/gen_dsp.gen_full.u_ss3/u_ctrl/ARG__4/P[47:0] is not pipelined (PREG=0). Pipelining the DSP48 output will improve performance and often saves power so it is suggested whenever possible to fully pipeline this function.  If this DSP48 function was inferred, it is suggested to describe an additional register stage after this function.  If the DSP48 was instantiated in the design, it is suggested to set the PREG attribute to 1.
Related violations: <none>

DPOP-1#9 Warning
PREG Output pipelining  
DSP audio_system_i/u_dsp/U0/u_top/gen_dsp.gen_full.u_ss3/u_ctrl/acc0 output audio_system_i/u_dsp/U0/u_top/gen_dsp.gen_full.u_ss3/u_ctrl/acc0/P[47:0] is not pipelined (PREG=0). Pipelining the DSP48 output will improve performance and often saves power so it is suggested whenever possible to fully pipeline this function.  If this DSP48 function was inferred, it is suggested to describe an additional register stage after this function.  If the DSP48 was instantiated in the design, it is suggested to set the PREG attribute to 1.
Related violations: <none>

DPOP-1#10 Warning
PREG Output pipelining  
DSP audio_system_i/u_dsp/U0/u_top/gen_dsp.gen_full.u_ss4/u_ctrl/ARG__2 output audio_system_i/u_dsp/U0/u_top/gen_dsp.gen_full.u_ss4/u_ctrl/ARG__2/P[47:0] is not pipelined (PREG=0). Pipelining the DSP48 output will improve performance and often saves power so it is suggested whenever possible to fully pipeline this function.  If this DSP48 function was inferred, it is suggested to describe an additional register stage after this function.  If the DSP48 was instantiated in the design, it is suggested to set the PREG attribute to 1.
Related violations: <none>

DPOP-1#11 Warning
PREG Output pipelining  
DSP audio_system_i/u_dsp/U0/u_top/gen_dsp.gen_full.u_ss4/u_ctrl/ARG__4 output audio_system_i/u_dsp/U0/u_top/gen_dsp.gen_full.u_ss4/u_ctrl/ARG__4/P[47:0] is not pipelined (PREG=0). Pipelining the DSP48 output will improve performance and often saves power so it is suggested whenever possible to fully pipeline this function.  If this DSP48 function was inferred, it is suggested to describe an additional register stage after this function.  If the DSP48 was instantiated in the design, it is suggested to set the PREG attribute to 1.
Related violations: <none>

DPOP-1#12 Warning
PREG Output pipelining  
DSP audio_system_i/u_dsp/U0/u_top/gen_dsp.gen_full.u_ss4/u_ctrl/acc0 output audio_system_i/u_dsp/U0/u_top/gen_dsp.gen_full.u_ss4/u_ctrl/acc0/P[47:0] is not pipelined (PREG=0). Pipelining the DSP48 output will improve performance and often saves power so it is suggested whenever possible to fully pipeline this function.  If this DSP48 function was inferred, it is suggested to describe an additional register stage after this function.  If the DSP48 was instantiated in the design, it is suggested to set the PREG attribute to 1.
Related violations: <none>

DPOP-1#13 Warning
PREG Output pipelining  
DSP audio_system_i/u_dsp/U0/u_top/gen_dsp.u_send_xover/p_1_out output audio_system_i/u_dsp/U0/u_top/gen_dsp.u_send_xover/p_1_out/P[47:0] is not pipelined (PREG=0). Pipelining the DSP48 output will improve performance and often saves power so it is suggested whenever possible to fully pipeline this function.  If this DSP48 function was inferred, it is suggested to describe an additional register stage after this function.  If the DSP48 was instantiated in the design, it is suggested to set the PREG attribute to 1.
Related violations: <none>

DPOP-1#14 Warning
PREG Output pipelining  
DSP audio_system_i/u_dsp/U0/u_top/gen_dsp.u_xover/p_1_out output audio_system_i/u_dsp/U0/u_top/gen_dsp.u_xover/p_1_out/P[47:0] is not pipelined (PREG=0). Pipelining the DSP48 output will improve performance and often saves power so it is suggested whenever possible to fully pipeline this function.  If this DSP48 function was inferred, it is suggested to describe an additional register stage after this function.  If the DSP48 was instantiated in the design, it is suggested to set the PREG attribute to 1.
Related violations: <none>

DPOP-2#1 Warning
MREG Output pipelining  
DSP audio_system_i/u_dsp/U0/u_top/gen_dsp.gen_full.u_ss1/u_ctrl/ARG__0 multiplier stage audio_system_i/u_dsp/U0/u_top/gen_dsp.gen_full.u_ss1/u_ctrl/ARG__0/P[47:0] is not pipelined (MREG=0). Pipelining the multiplier function will improve performance and will save significant power so it is suggested whenever possible to fully pipeline this function.  If this multiplier was inferred, it is suggested to describe an additional register stage after this function.  If there is no registered adder/accumulator following the multiply function, two pipeline stages are suggested to allow both the MREG and PREG registers to be used.  If the DSP48 was instantiated in the design, it is suggested to set both the MREG and PREG attributes to 1 when performing multiply functions.
Related violations: <none>

DPOP-2#2 Warning
MREG Output pipelining  
DSP audio_system_i/u_dsp/U0/u_top/gen_dsp.gen_full.u_ss1/u_ctrl/ARG__2 multiplier stage audio_system_i/u_dsp/U0/u_top/gen_dsp.gen_full.u_ss1/u_ctrl/ARG__2/P[47:0] is not pipelined (MREG=0). Pipelining the multiplier function will improve performance and will save significant power so it is suggested whenever possible to fully pipeline this function.  If this multiplier was inferred, it is suggested to describe an additional register stage after this function.  If there is no registered adder/accumulator following the multiply function, two pipeline stages are suggested to allow both the MREG and PREG registers to be used.  If the DSP48 was instantiated in the design, it is suggested to set both the MREG and PREG attributes to 1 when performing multiply functions.
Related violations: <none>

DPOP-2#3 Warning
MREG Output pipelining  
DSP audio_system_i/u_dsp/U0/u_top/gen_dsp.gen_full.u_ss1/u_ctrl/ARG__4 multiplier stage audio_system_i/u_dsp/U0/u_top/gen_dsp.gen_full.u_ss1/u_ctrl/ARG__4/P[47:0] is not pipelined (MREG=0). Pipelining the multiplier function will improve performance and will save significant power so it is suggested whenever possible to fully pipeline this function.  If this multiplier was inferred, it is suggested to describe an additional register stage after this function.  If there is no registered adder/accumulator following the multiply function, two pipeline stages are suggested to allow both the MREG and PREG registers to be used.  If the DSP48 was instantiated in the design, it is suggested to set both the MREG and PREG attributes to 1 when performing multiply functions.
Related violations: <none>

DPOP-2#4 Warning
MREG Output pipelining  
DSP audio_system_i/u_dsp/U0/u_top/gen_dsp.gen_full.u_ss2/u_ctrl/ARG__0 multiplier stage audio_system_i/u_dsp/U0/u_top/gen_dsp.gen_full.u_ss2/u_ctrl/ARG__0/P[47:0] is not pipelined (MREG=0). Pipelining the multiplier function will improve performance and will save significant power so it is suggested whenever possible to fully pipeline this function.  If this multiplier was inferred, it is suggested to describe an additional register stage after this function.  If there is no registered adder/accumulator following the multiply function, two pipeline stages are suggested to allow both the MREG and PREG registers to be used.  If the DSP48 was instantiated in the design, it is suggested to set both the MREG and PREG attributes to 1 when performing multiply functions.
Related violations: <none>

DPOP-2#5 Warning
MREG Output pipelining  
DSP audio_system_i/u_dsp/U0/u_top/gen_dsp.gen_full.u_ss2/u_ctrl/ARG__2 multiplier stage audio_system_i/u_dsp/U0/u_top/gen_dsp.gen_full.u_ss2/u_ctrl/ARG__2/P[47:0] is not pipelined (MREG=0). Pipelining the multiplier function will improve performance and will save significant power so it is suggested whenever possible to fully pipeline this function.  If this multiplier was inferred, it is suggested to describe an additional register stage after this function.  If there is no registered adder/accumulator following the multiply function, two pipeline stages are suggested to allow both the MREG and PREG registers to be used.  If the DSP48 was instantiated in the design, it is suggested to set both the MREG and PREG attributes to 1 when performing multiply functions.
Related violations: <none>

DPOP-2#6 Warning
MREG Output pipelining  
DSP audio_system_i/u_dsp/U0/u_top/gen_dsp.gen_full.u_ss2/u_ctrl/ARG__4 multiplier stage audio_system_i/u_dsp/U0/u_top/gen_dsp.gen_full.u_ss2/u_ctrl/ARG__4/P[47:0] is not pipelined (MREG=0). Pipelining the multiplier function will improve performance and will save significant power so it is suggested whenever possible to fully pipeline this function.  If this multiplier was inferred, it is suggested to describe an additional register stage after this function.  If there is no registered adder/accumulator following the multiply function, two pipeline stages are suggested to allow both the MREG and PREG registers to be used.  If the DSP48 was instantiated in the design, it is suggested to set both the MREG and PREG attributes to 1 when performing multiply functions.
Related violations: <none>

DPOP-2#7 Warning
MREG Output pipelining  
DSP audio_system_i/u_dsp/U0/u_top/gen_dsp.gen_full.u_ss3/u_ctrl/ARG__0 multiplier stage audio_system_i/u_dsp/U0/u_top/gen_dsp.gen_full.u_ss3/u_ctrl/ARG__0/P[47:0] is not pipelined (MREG=0). Pipelining the multiplier function will improve performance and will save significant power so it is suggested whenever possible to fully pipeline this function.  If this multiplier was inferred, it is suggested to describe an additional register stage after this function.  If there is no registered adder/accumulator following the multiply function, two pipeline stages are suggested to allow both the MREG and PREG registers to be used.  If the DSP48 was instantiated in the design, it is suggested to set both the MREG and PREG attributes to 1 when performing multiply functions.
Related violations: <none>

DPOP-2#8 Warning
MREG Output pipelining  
DSP audio_system_i/u_dsp/U0/u_top/gen_dsp.gen_full.u_ss3/u_ctrl/ARG__2 multiplier stage audio_system_i/u_dsp/U0/u_top/gen_dsp.gen_full.u_ss3/u_ctrl/ARG__2/P[47:0] is not pipelined (MREG=0). Pipelining the multiplier function will improve performance and will save significant power so it is suggested whenever possible to fully pipeline this function.  If this multiplier was inferred, it is suggested to describe an additional register stage after this function.  If there is no registered adder/accumulator following the multiply function, two pipeline stages are suggested to allow both the MREG and PREG registers to be used.  If the DSP48 was instantiated in the design, it is suggested to set both the MREG and PREG attributes to 1 when performing multiply functions.
Related violations: <none>

DPOP-2#9 Warning
MREG Output pipelining  
DSP audio_system_i/u_dsp/U0/u_top/gen_dsp.gen_full.u_ss3/u_ctrl/ARG__4 multiplier stage audio_system_i/u_dsp/U0/u_top/gen_dsp.gen_full.u_ss3/u_ctrl/ARG__4/P[47:0] is not pipelined (MREG=0). Pipelining the multiplier function will improve performance and will save significant power so it is suggested whenever possible to fully pipeline this function.  If this multiplier was inferred, it is suggested to describe an additional register stage after this function.  If there is no registered adder/accumulator following the multiply function, two pipeline stages are suggested to allow both the MREG and PREG registers to be used.  If the DSP48 was instantiated in the design, it is suggested to set both the MREG and PREG attributes to 1 when performing multiply functions.
Related violations: <none>

DPOP-2#10 Warning
MREG Output pipelining  
DSP audio_system_i/u_dsp/U0/u_top/gen_dsp.gen_full.u_ss4/u_ctrl/ARG__0 multiplier stage audio_system_i/u_dsp/U0/u_top/gen_dsp.gen_full.u_ss4/u_ctrl/ARG__0/P[47:0] is not pipelined (MREG=0). Pipelining the multiplier function will improve performance and will save significant power so it is suggested whenever possible to fully pipeline this function.  If this multiplier was inferred, it is suggested to describe an additional register stage after this function.  If there is no registered adder/accumulator following the multiply function, two pipeline stages are suggested to allow both the MREG and PREG registers to be used.  If the DSP48 was instantiated in the design, it is suggested to set both the MREG and PREG attributes to 1 when performing multiply functions.
Related violations: <none>

DPOP-2#11 Warning
MREG Output pipelining  
DSP audio_system_i/u_dsp/U0/u_top/gen_dsp.gen_full.u_ss4/u_ctrl/ARG__2 multiplier stage audio_system_i/u_dsp/U0/u_top/gen_dsp.gen_full.u_ss4/u_ctrl/ARG__2/P[47:0] is not pipelined (MREG=0). Pipelining the multiplier function will improve performance and will save significant power so it is suggested whenever possible to fully pipeline this function.  If this multiplier was inferred, it is suggested to describe an additional register stage after this function.  If there is no registered adder/accumulator following the multiply function, two pipeline stages are suggested to allow both the MREG and PREG registers to be used.  If the DSP48 was instantiated in the design, it is suggested to set both the MREG and PREG attributes to 1 when performing multiply functions.
Related violations: <none>

DPOP-2#12 Warning
MREG Output pipelining  
DSP audio_system_i/u_dsp/U0/u_top/gen_dsp.gen_full.u_ss4/u_ctrl/ARG__4 multiplier stage audio_system_i/u_dsp/U0/u_top/gen_dsp.gen_full.u_ss4/u_ctrl/ARG__4/P[47:0] is not pipelined (MREG=0). Pipelining the multiplier function will improve performance and will save significant power so it is suggested whenever possible to fully pipeline this function.  If this multiplier was inferred, it is suggested to describe an additional register stage after this function.  If there is no registered adder/accumulator following the multiply function, two pipeline stages are suggested to allow both the MREG and PREG registers to be used.  If the DSP48 was instantiated in the design, it is suggested to set both the MREG and PREG attributes to 1 when performing multiply functions.
Related violations: <none>

DPOP-2#13 Warning
MREG Output pipelining  
DSP audio_system_i/u_dsp/U0/u_top/gen_dsp.u_send_xover/p_1_out multiplier stage audio_system_i/u_dsp/U0/u_top/gen_dsp.u_send_xover/p_1_out/P[47:0] is not pipelined (MREG=0). Pipelining the multiplier function will improve performance and will save significant power so it is suggested whenever possible to fully pipeline this function.  If this multiplier was inferred, it is suggested to describe an additional register stage after this function.  If there is no registered adder/accumulator following the multiply function, two pipeline stages are suggested to allow both the MREG and PREG registers to be used.  If the DSP48 was instantiated in the design, it is suggested to set both the MREG and PREG attributes to 1 when performing multiply functions.
Related violations: <none>

DPOP-2#14 Warning
MREG Output pipelining  
DSP audio_system_i/u_dsp/U0/u_top/gen_dsp.u_send_xover/prod_p_reg multiplier stage audio_system_i/u_dsp/U0/u_top/gen_dsp.u_send_xover/prod_p_reg/P[47:0] is not pipelined (MREG=0). Pipelining the multiplier function will improve performance and will save significant power so it is suggested whenever possible to fully pipeline this function.  If this multiplier was inferred, it is suggested to describe an additional register stage after this function.  If there is no registered adder/accumulator following the multiply function, two pipeline stages are suggested to allow both the MREG and PREG registers to be used.  If the DSP48 was instantiated in the design, it is suggested to set both the MREG and PREG attributes to 1 when performing multiply functions.
Related violations: <none>

DPOP-2#15 Warning
MREG Output pipelining  
DSP audio_system_i/u_dsp/U0/u_top/gen_dsp.u_xover/p_1_out multiplier stage audio_system_i/u_dsp/U0/u_top/gen_dsp.u_xover/p_1_out/P[47:0] is not pipelined (MREG=0). Pipelining the multiplier function will improve performance and will save significant power so it is suggested whenever possible to fully pipeline this function.  If this multiplier was inferred, it is suggested to describe an additional register stage after this function.  If there is no registered adder/accumulator following the multiply function, two pipeline stages are suggested to allow both the MREG and PREG registers to be used.  If the DSP48 was instantiated in the design, it is suggested to set both the MREG and PREG attributes to 1 when performing multiply functions.
Related violations: <none>

DPOP-2#16 Warning
MREG Output pipelining  
DSP audio_system_i/u_dsp/U0/u_top/gen_dsp.u_xover/prod_p_reg multiplier stage audio_system_i/u_dsp/U0/u_top/gen_dsp.u_xover/prod_p_reg/P[47:0] is not pipelined (MREG=0). Pipelining the multiplier function will improve performance and will save significant power so it is suggested whenever possible to fully pipeline this function.  If this multiplier was inferred, it is suggested to describe an additional register stage after this function.  If there is no registered adder/accumulator following the multiply function, two pipeline stages are suggested to allow both the MREG and PREG registers to be used.  If the DSP48 was instantiated in the design, it is suggested to set both the MREG and PREG attributes to 1 when performing multiply functions.
Related violations: <none>


